gplink-2.2.34 (Jun  1 2022)
Map File - Created 2024-8-2  16:40:04
 
                                 Section Info
                  Section       Type    Address   Location Size(Bytes)
                ---------  ---------  ---------  ---------  ---------
                  STARTUP       code   00000000    program   0x000002
              c_interrupt       code   0x000008    program   0x000020
           code_MC30P6280       code   0x000018    program   0x000318
             code__mulint       code   0x0001a4    program   0x000090
       UD_abs_mc30p6280_0      udata   00000000       data   0x000001
       UD_abs_mc30p6280_1      udata   0x000001       data   0x000001
       UD_abs_mc30p6280_2      udata   0x000002       data   0x000001
       UD_abs_mc30p6280_3      udata   0x000003       data   0x000001
       UD_abs_mc30p6280_4      udata   0x000004       data   0x000001
       UD_abs_mc30p6280_6      udata   0x000006       data   0x000001
       UD_abs_mc30p6280_8      udata   0x000008       data   0x000001
       UD_abs_mc30p6280_9      udata   0x000009       data   0x000001
       UD_abs_mc30p6280_a      udata   0x00000a       data   0x000001
       UD_abs_mc30p6280_b      udata   0x00000b       data   0x000001
       UD_abs_mc30p6280_c      udata   0x00000c       data   0x000001
       UD_abs_mc30p6280_d      udata   0x00000d       data   0x000001
       UD_abs_mc30p6280_e      udata   0x00000e       data   0x000001
       UD_abs_mc30p6280_f      udata   0x00000f       data   0x000001
                sharebank      udata   0x000010       data   0x000007
          UDL_MC30P6280_0      udata   0x000017       data   0x000013
            UDL__mulint_0      udata   0x00002a       data   0x00000b
           UD_MC30P6280_3      udata   0x000035       data   0x000004
           UD_MC30P6280_2      udata   0x000039       data   0x000002
           UD_MC30P6280_0      udata   0x00003b       data   0x000001
           UD_MC30P6280_1      udata   0x00003c       data   0x000001
           UD_MC30P6280_4      udata   0x00003d       data   0x000001
      UD_abs_mc30p6280_41      udata   0x000041       data   0x000001
      UD_abs_mc30p6280_46      udata   0x000046       data   0x000001
      UD_abs_mc30p6280_4b      udata   0x00004b       data   0x000001
      UD_abs_mc30p6280_4c      udata   0x00004c       data   0x000001
      UD_abs_mc30p6280_4d      udata   0x00004d       data   0x000001
      UD_abs_mc30p6280_4e      udata   0x00004e       data   0x000001
      UD_abs_mc30p6280_4f      udata   0x00004f       data   0x000001
 
                              Program Memory Usage
                               Start         End
                           ---------   ---------
                            00000000    00000000
                            0x000008    0x000017
                            0x000018    0x0001a3
                            0x0001a4    0x0001eb
 
                            485 program addresses used
 
                              Symbols
                     Name    Address   Location    Storage File
                ---------  ---------  ---------  --------- ---------
                    STK06   0x000010       data     extern MC30P6280.asm
                    STK05   0x000011       data     extern MC30P6280.asm
                    STK04   0x000012       data     extern MC30P6280.asm
                    STK03   0x000013       data     extern MC30P6280.asm
                    STK02   0x000014       data     extern MC30P6280.asm
                    STK01   0x000015       data     extern MC30P6280.asm
                    STK00   0x000016       data     extern MC30P6280.asm
                    _abuf   0x00003b       data     extern MC30P6280.asm
               _statusbuf   0x00003c       data     extern MC30P6280.asm
               _cnt_100us   0x000039       data     extern MC30P6280.asm
                _distance   0x000035       data     extern MC30P6280.asm
                   _flag1   0x00003d       data     extern MC30P6280.asm
                  r0x100A   0x000017       data     static MC30P6280.asm
                  r0x1009   0x000018       data     static MC30P6280.asm
                  r0x1008   0x000019       data     static MC30P6280.asm
                  r0x1007   0x00001a       data     static MC30P6280.asm
                  r0x100B   0x00001b       data     static MC30P6280.asm
                  r0x100C   0x00001c       data     static MC30P6280.asm
                  r0x100D   0x00001d       data     static MC30P6280.asm
                  r0x100E   0x00001e       data     static MC30P6280.asm
                  r0x1012   0x00001f       data     static MC30P6280.asm
                  r0x1011   0x000020       data     static MC30P6280.asm
                  r0x1010   0x000021       data     static MC30P6280.asm
                  r0x100F   0x000022       data     static MC30P6280.asm
                  r0x1013   0x000023       data     static MC30P6280.asm
                  r0x1017   0x000024       data     static MC30P6280.asm
                  r0x1016   0x000025       data     static MC30P6280.asm
                  r0x1015   0x000026       data     static MC30P6280.asm
                  r0x1014   0x000027       data     static MC30P6280.asm
                  r0x1018   0x000028       data     static MC30P6280.asm
                  r0x101D   0x000029       data     static MC30P6280.asm
         __sdcc_interrupt   0x000008    program     static MC30P6280.asm
                 _int_isr   0x000008    program     extern MC30P6280.asm
               _00291_DS_   0x000013    program     static MC30P6280.asm
         END_OF_INTERRUPT   0x000017    program     static MC30P6280.asm
                    _main   0x000018    program     extern MC30P6280.asm
               _00285_DS_   0x000019    program     static MC30P6280.asm
               _00279_DS_   0x00001a    program     static MC30P6280.asm
_send_32bits_data_by_irsir   0x000040    program     extern MC30P6280.asm
               _00250_DS_   0x00005a    program     static MC30P6280.asm
               _00268_DS_   0x00006a    program     static MC30P6280.asm
               _00269_DS_   0x000071    program     static MC30P6280.asm
               _00246_DS_   0x000086    program     static MC30P6280.asm
               _00251_DS_   0x000098    program     static MC30P6280.asm
               _00248_DS_   0x00009a    program     static MC30P6280.asm
            _get_distance   0x0000a5    program     extern MC30P6280.asm
               _00196_DS_   0x0000b1    program     static MC30P6280.asm
               _00181_DS_   0x0000b7    program     static MC30P6280.asm
               _00239_DS_   0x0000bd    program     static MC30P6280.asm
               _00183_DS_   0x0000c6    program     static MC30P6280.asm
               _00186_DS_   0x0000c8    program     static MC30P6280.asm
               _00190_DS_   0x0000d1    program     static MC30P6280.asm
               _00240_DS_   0x0000dd    program     static MC30P6280.asm
               _00199_DS_   0x0000e4    program     static MC30P6280.asm
               _00201_DS_   0x0000fb    program     static MC30P6280.asm
               ___sel_chx   0x0000fc    program     extern MC30P6280.asm
               _00175_DS_   0x000108    program     static MC30P6280.asm
               _00163_DS_   0x00010c    program     static MC30P6280.asm
               _00164_DS_   0x00010f    program     static MC30P6280.asm
               _00165_DS_   0x000112    program     static MC30P6280.asm
               _00166_DS_   0x000115    program     static MC30P6280.asm
               _00168_DS_   0x000117    program     static MC30P6280.asm
          _send_38khz_sig   0x000118    program     extern MC30P6280.asm
 ___set_output_open_drain   0x000123    program     extern MC30P6280.asm
     ___set_input_pull_up   0x000126    program     extern MC30P6280.asm
                _Sys_Init   0x000129    program     extern MC30P6280.asm
                _pwm_init   0x000131    program     extern MC30P6280.asm
                 _IO_Init   0x00013a    program     extern MC30P6280.asm
                   _C_RAM   0x000142    program     extern MC30P6280.asm
     _code_MC30P6280_0131   0x000149    program     static MC30P6280.asm
 _sig_feedback_pin_config   0x00014c    program     extern MC30P6280.asm
           _timer0_config   0x00014f    program     extern MC30P6280.asm
                _delay_ms   0x000155    program     extern MC30P6280.asm
               _00119_DS_   0x00015c    program     static MC30P6280.asm
               _00116_DS_   0x000166    program     static MC30P6280.asm
               _00118_DS_   0x000174    program     static MC30P6280.asm
               _00122_DS_   0x000180    program     static MC30P6280.asm
             _delay_100us   0x000181    program     extern MC30P6280.asm
               _00108_DS_   0x000188    program     static MC30P6280.asm
               _00105_DS_   0x000190    program     static MC30P6280.asm
               _00107_DS_   0x000197    program     static MC30P6280.asm
               _00111_DS_   0x0001a3    program     static MC30P6280.asm
                _INDFbits   00000000       data     extern mc30p6280.asm
                    _INDF   00000000       data     extern mc30p6280.asm
               _T0CNTbits   0x000001       data     extern mc30p6280.asm
                   _T0CNT   0x000001       data     extern mc30p6280.asm
                 _PCLbits   0x000002       data     extern mc30p6280.asm
                     _PCL   0x000002       data     extern mc30p6280.asm
              _STATUSbits   0x000003       data     extern mc30p6280.asm
                  _STATUS   0x000003       data     extern mc30p6280.asm
                 _FSRbits   0x000004       data     extern mc30p6280.asm
                     _FSR   0x000004       data     extern mc30p6280.asm
                  _P1bits   0x000006       data     extern mc30p6280.asm
                      _P1   0x000006       data     extern mc30p6280.asm
                 _MCRbits   0x000008       data     extern mc30p6280.asm
                     _MCR   0x000008       data     extern mc30p6280.asm
              _P1KBCRbits   0x000009       data     extern mc30p6280.asm
                  _P1KBCR   0x000009       data     extern mc30p6280.asm
              _PCLATHbits   0x00000a       data     extern mc30p6280.asm
                  _PCLATH   0x00000a       data     extern mc30p6280.asm
               _PDCONbits   0x00000b       data     extern mc30p6280.asm
                   _PDCON   0x00000b       data     extern mc30p6280.asm
               _ODCONbits   0x00000c       data     extern mc30p6280.asm
                   _ODCON   0x00000c       data     extern mc30p6280.asm
               _PUCONbits   0x00000d       data     extern mc30p6280.asm
                   _PUCON   0x00000d       data     extern mc30p6280.asm
                _INTEbits   0x00000e       data     extern mc30p6280.asm
                    _INTE   0x00000e       data     extern mc30p6280.asm
                _INTFbits   0x00000f       data     extern mc30p6280.asm
                    _INTF   0x00000f       data     extern mc30p6280.asm
                _T0CRbits   0x000041       data     extern mc30p6280.asm
                    _T0CR   0x000041       data     extern mc30p6280.asm
                _DDR1bits   0x000046       data     extern mc30p6280.asm
                    _DDR1   0x000046       data     extern mc30p6280.asm
               _TMRCRbits   0x00004b       data     extern mc30p6280.asm
                   _TMRCR   0x00004b       data     extern mc30p6280.asm
                _T1CRbits   0x00004c       data     extern mc30p6280.asm
                    _T1CR   0x00004c       data     extern mc30p6280.asm
               _T1CNTbits   0x00004d       data     extern mc30p6280.asm
                   _T1CNT   0x00004d       data     extern mc30p6280.asm
              _T1LOADbits   0x00004e       data     extern mc30p6280.asm
                  _T1LOAD   0x00004e       data     extern mc30p6280.asm
              _T1DATAbits   0x00004f       data     extern mc30p6280.asm
                  _T1DATA   0x00004f       data     extern mc30p6280.asm
                  r0x1001   0x00002a       data     static _mulint.asm
                  r0x1000   0x00002b       data     static _mulint.asm
                  r0x1003   0x00002c       data     static _mulint.asm
                  r0x1002   0x00002d       data     static _mulint.asm
                  r0x1004   0x00002e       data     static _mulint.asm
                  r0x1005   0x00002f       data     static _mulint.asm
                  r0x1006   0x000030       data     static _mulint.asm
                  r0x1007   0x000031       data     static _mulint.asm
                  r0x1008   0x000032       data     static _mulint.asm
                  r0x100A   0x000033       data     static _mulint.asm
                  r0x1009   0x000034       data     static _mulint.asm
                 __mulint   0x0001a4    program     extern _mulint.asm
               _00118_DS_   0x0001af    program     static _mulint.asm
               _00109_DS_   0x0001bb    program     static _mulint.asm
               _00114_DS_   0x0001d4    program     static _mulint.asm
 
